Archive member included to satisfy reference by file (symbol)

c:/programdata/matlab/supportpackages/r2023b/3p.instrset/gnuarm-armcortex.instrset/win/bin/../lib/gcc/arm-none-eabi/11.3.1/thumb/v7e-m+fp/hard\libgcc.a(_aeabi_uldivmod.o)
                              stm32f4xx_hal_rcc.o (__aeabi_uldivmod)
c:/programdata/matlab/supportpackages/r2023b/3p.instrset/gnuarm-armcortex.instrset/win/bin/../lib/gcc/arm-none-eabi/11.3.1/thumb/v7e-m+fp/hard\libgcc.a(_udivmoddi4.o)
                              c:/programdata/matlab/supportpackages/r2023b/3p.instrset/gnuarm-armcortex.instrset/win/bin/../lib/gcc/arm-none-eabi/11.3.1/thumb/v7e-m+fp/hard\libgcc.a(_aeabi_uldivmod.o) (__udivmoddi4)
c:/programdata/matlab/supportpackages/r2023b/3p.instrset/gnuarm-armcortex.instrset/win/bin/../lib/gcc/arm-none-eabi/11.3.1/thumb/v7e-m+fp/hard\libgcc.a(_dvmd_tls.o)
                              c:/programdata/matlab/supportpackages/r2023b/3p.instrset/gnuarm-armcortex.instrset/win/bin/../lib/gcc/arm-none-eabi/11.3.1/thumb/v7e-m+fp/hard\libgcc.a(_aeabi_uldivmod.o) (__aeabi_ldiv0)
c:/programdata/matlab/supportpackages/r2023b/3p.instrset/gnuarm-armcortex.instrset/win/bin/../lib/gcc/arm-none-eabi/11.3.1/thumb/v7e-m+fp/hard\libc_nano.a(libc_a-exit.o)
                              c:/programdata/matlab/supportpackages/r2023b/3p.instrset/gnuarm-armcortex.instrset/win/bin/../lib/gcc/arm-none-eabi/11.3.1/thumb/v7e-m+fp/hard/crt0.o (exit)
c:/programdata/matlab/supportpackages/r2023b/3p.instrset/gnuarm-armcortex.instrset/win/bin/../lib/gcc/arm-none-eabi/11.3.1/thumb/v7e-m+fp/hard\libc_nano.a(libc_a-findfp.o)
                              c:/programdata/matlab/supportpackages/r2023b/3p.instrset/gnuarm-armcortex.instrset/win/bin/../lib/gcc/arm-none-eabi/11.3.1/thumb/v7e-m+fp/hard\libc_nano.a(libc_a-exit.o) (__stdio_exit_handler)
c:/programdata/matlab/supportpackages/r2023b/3p.instrset/gnuarm-armcortex.instrset/win/bin/../lib/gcc/arm-none-eabi/11.3.1/thumb/v7e-m+fp/hard\libc_nano.a(libc_a-fwalk.o)
                              c:/programdata/matlab/supportpackages/r2023b/3p.instrset/gnuarm-armcortex.instrset/win/bin/../lib/gcc/arm-none-eabi/11.3.1/thumb/v7e-m+fp/hard\libc_nano.a(libc_a-findfp.o) (_fwalk_sglue)
c:/programdata/matlab/supportpackages/r2023b/3p.instrset/gnuarm-armcortex.instrset/win/bin/../lib/gcc/arm-none-eabi/11.3.1/thumb/v7e-m+fp/hard\libc_nano.a(libc_a-stdio.o)
                              c:/programdata/matlab/supportpackages/r2023b/3p.instrset/gnuarm-armcortex.instrset/win/bin/../lib/gcc/arm-none-eabi/11.3.1/thumb/v7e-m+fp/hard\libc_nano.a(libc_a-findfp.o) (__sread)
c:/programdata/matlab/supportpackages/r2023b/3p.instrset/gnuarm-armcortex.instrset/win/bin/../lib/gcc/arm-none-eabi/11.3.1/thumb/v7e-m+fp/hard\libc_nano.a(libc_a-memset.o)
                              c:/programdata/matlab/supportpackages/r2023b/3p.instrset/gnuarm-armcortex.instrset/win/bin/../lib/gcc/arm-none-eabi/11.3.1/thumb/v7e-m+fp/hard/crt0.o (memset)
c:/programdata/matlab/supportpackages/r2023b/3p.instrset/gnuarm-armcortex.instrset/win/bin/../lib/gcc/arm-none-eabi/11.3.1/thumb/v7e-m+fp/hard\libc_nano.a(libc_a-closer.o)
                              c:/programdata/matlab/supportpackages/r2023b/3p.instrset/gnuarm-armcortex.instrset/win/bin/../lib/gcc/arm-none-eabi/11.3.1/thumb/v7e-m+fp/hard\libc_nano.a(libc_a-stdio.o) (_close_r)
c:/programdata/matlab/supportpackages/r2023b/3p.instrset/gnuarm-armcortex.instrset/win/bin/../lib/gcc/arm-none-eabi/11.3.1/thumb/v7e-m+fp/hard\libc_nano.a(libc_a-reent.o)
                              c:/programdata/matlab/supportpackages/r2023b/3p.instrset/gnuarm-armcortex.instrset/win/bin/../lib/gcc/arm-none-eabi/11.3.1/thumb/v7e-m+fp/hard\libc_nano.a(libc_a-closer.o) (errno)
c:/programdata/matlab/supportpackages/r2023b/3p.instrset/gnuarm-armcortex.instrset/win/bin/../lib/gcc/arm-none-eabi/11.3.1/thumb/v7e-m+fp/hard\libc_nano.a(libc_a-impure.o)
                              c:/programdata/matlab/supportpackages/r2023b/3p.instrset/gnuarm-armcortex.instrset/win/bin/../lib/gcc/arm-none-eabi/11.3.1/thumb/v7e-m+fp/hard\libc_nano.a(libc_a-reent.o) (_impure_ptr)
c:/programdata/matlab/supportpackages/r2023b/3p.instrset/gnuarm-armcortex.instrset/win/bin/../lib/gcc/arm-none-eabi/11.3.1/thumb/v7e-m+fp/hard\libc_nano.a(libc_a-lseekr.o)
                              c:/programdata/matlab/supportpackages/r2023b/3p.instrset/gnuarm-armcortex.instrset/win/bin/../lib/gcc/arm-none-eabi/11.3.1/thumb/v7e-m+fp/hard\libc_nano.a(libc_a-stdio.o) (_lseek_r)
c:/programdata/matlab/supportpackages/r2023b/3p.instrset/gnuarm-armcortex.instrset/win/bin/../lib/gcc/arm-none-eabi/11.3.1/thumb/v7e-m+fp/hard\libc_nano.a(libc_a-readr.o)
                              c:/programdata/matlab/supportpackages/r2023b/3p.instrset/gnuarm-armcortex.instrset/win/bin/../lib/gcc/arm-none-eabi/11.3.1/thumb/v7e-m+fp/hard\libc_nano.a(libc_a-stdio.o) (_read_r)
[...]
Memory Configuration

Name             Origin             Length             Attributes
RAM              0x20000000         0x00018000         xrw
FLASH            0x08000000         0x00080000         xr
*default*        0x00000000         0xffffffff

Linker script and memory map

LOAD c:/programdata/matlab/supportpackages/r2023b/3p.instrset/gnuarm-armcortex.instrset/win/bin/../lib/gcc/arm-none-eabi/11.3.1/thumb/v7e-m+fp/hard/crti.o
LOAD c:/programdata/matlab/supportpackages/r2023b/3p.instrset/gnuarm-armcortex.instrset/win/bin/../lib/gcc/arm-none-eabi/11.3.1/thumb/v7e-m+fp/hard/crtbegin.o
LOAD c:/programdata/matlab/supportpackages/r2023b/3p.instrset/gnuarm-armcortex.instrset/win/bin/../lib/gcc/arm-none-eabi/11.3.1/thumb/v7e-m+fp/hard/crt0.o
LOAD stm_timer_ll.o
LOAD arabaStm.o
LOAD arabaStm_data.o
LOAD ert_main.o
LOAD overrideHALDelay.o
LOAD platform_timer.o
LOAD SysTickScheduler.o
LOAD m3m4m4f_multitasking.o
LOAD main.o
LOAD stm32f4xx_it.o
LOAD stm32f4xx_hal_msp.o
LOAD stm32f4xx_hal_timebase_tim.o
LOAD stm32f4xx_ll_gpio.o
LOAD stm32f4xx_ll_dma.o
LOAD stm32f4xx_hal_tim.o
LOAD stm32f4xx_hal_tim_ex.o
LOAD stm32f4xx_ll_tim.o
LOAD stm32f4xx_ll_rcc.o
LOAD stm32f4xx_ll_utils.o
LOAD stm32f4xx_ll_exti.o
LOAD stm32f4xx_hal_rcc.o
LOAD stm32f4xx_hal_rcc_ex.o
LOAD stm32f4xx_hal_flash.o
LOAD stm32f4xx_hal_flash_ex.o
LOAD stm32f4xx_hal_flash_ramfunc.o
LOAD stm32f4xx_hal_gpio.o
LOAD stm32f4xx_hal_dma_ex.o
LOAD stm32f4xx_hal_dma.o
LOAD stm32f4xx_hal_pwr.o
LOAD stm32f4xx_hal_pwr_ex.o
LOAD stm32f4xx_hal_cortex.o
LOAD stm32f4xx_hal.o
LOAD stm32f4xx_hal_exti.o
LOAD stm32f4xx_ll_usart.o
LOAD system_stm32f4xx.o
LOAD syscalls.o
LOAD sysmem.o
LOAD startup_stm32f401retx.o
LOAD C:/ProgramData/MATLAB/SupportPackages/R2023b/3P.instrset/cmsis_dsp.instrset/Lib/GCC/arm_cortexm4ldfsp_math/libCMSISDSP.a
LOAD C:/ProgramData/MATLAB/SupportPackages/R2023b/toolbox/shared/supportpackages/stm32/lib/GCC/libmw_pdmfilter_m4_spfp.lib
LOAD c:/programdata/matlab/supportpackages/r2023b/3p.instrset/gnuarm-armcortex.instrset/win/bin/../lib/gcc/arm-none-eabi/11.3.1/thumb/v7e-m+fp/hard\libstdc++_nano.a
LOAD c:/programdata/matlab/supportpackages/r2023b/3p.instrset/gnuarm-armcortex.instrset/win/bin/../lib/gcc/arm-none-eabi/11.3.1/thumb/v7e-m+fp/hard\libm.a
START GROUP
LOAD c:/programdata/matlab/supportpackages/r2023b/3p.instrset/gnuarm-armcortex.instrset/win/bin/../lib/gcc/arm-none-eabi/11.3.1/thumb/v7e-m+fp/hard\libgcc.a
LOAD c:/programdata/matlab/supportpackages/r2023b/3p.instrset/gnuarm-armcortex.instrset/win/bin/../lib/gcc/arm-none-eabi/11.3.1/thumb/v7e-m+fp/hard\libc_nano.a
END GROUP
START GROUP
LOAD c:/programdata/matlab/supportpackages/r2023b/3p.instrset/gnuarm-armcortex.instrset/win/bin/../lib/gcc/arm-none-eabi/11.3.1/thumb/v7e-m+fp/hard\libgcc.a
LOAD c:/programdata/matlab/supportpackages/r2023b/3p.instrset/gnuarm-armcortex.instrset/win/bin/../lib/gcc/arm-none-eabi/11.3.1/thumb/v7e-m+fp/hard\libc_nano.a
LOAD c:/programdata/matlab/supportpackages/r2023b/3p.instrset/gnuarm-armcortex.instrset/win/bin/../lib/gcc/arm-none-eabi/11.3.1/thumb/v7e-m+fp/hard\libnosys.a
END GROUP
START GROUP
LOAD c:/programdata/matlab/supportpackages/r2023b/3p.instrset/gnuarm-armcortex.instrset/win/bin/../lib/gcc/arm-none-eabi/11.3.1/thumb/v7e-m+fp/hard\libgcc.a
LOAD c:/programdata/matlab/supportpackages/r2023b/3p.instrset/gnuarm-armcortex.instrset/win/bin/../lib/gcc/arm-none-eabi/11.3.1/thumb/v7e-m+fp/hard\libc_nano.a
LOAD c:/programdata/matlab/supportpackages/r2023b/3p.instrset/gnuarm-armcortex.instrset/win/bin/../lib/gcc/arm-none-eabi/11.3.1/thumb/v7e-m+fp/hard\libnosys.a
END GROUP
LOAD c:/programdata/matlab/supportpackages/r2023b/3p.instrset/gnuarm-armcortex.instrset/win/bin/../lib/gcc/arm-none-eabi/11.3.1/thumb/v7e-m+fp/hard/crtend.o
LOAD c:/programdata/matlab/supportpackages/r2023b/3p.instrset/gnuarm-armcortex.instrset/win/bin/../lib/gcc/arm-none-eabi/11.3.1/thumb/v7e-m+fp/hard/crtn.o
                0x20018000                _estack = (ORIGIN (RAM) + LENGTH (RAM))
                0x00000200                _Min_Heap_Size = 0x200
                0x00000400                _Min_Stack_Size = 0x400

.isr_vector     0x08000000      0x194
                0x08000000                . = ALIGN (0x4)
 *(.isr_vector)
 .isr_vector    0x08000000      0x194 startup_stm32f401retx.o
                0x08000000                g_pfnVectors
                0x08000194                . = ALIGN (0x4)

.text           0x08000194     0x3d9c
                0x08000194                . = ALIGN (0x4)
 *(.text)
 .text          0x08000194       0x30 c:/programdata/matlab/supportpackages/r2023b/3p.instrset/gnuarm-armcortex.instrset/win/bin/../lib/gcc/arm-none-eabi/11.3.1/thumb/v7e-m+fp/hard\libgcc.a(_aeabi_uldivmod.o)
                0x08000194                __aeabi_uldivmod
 .text          0x080001c4        0x4 c:/programdata/matlab/supportpackages/r2023b/3p.instrset/gnuarm-armcortex.instrset/win/bin/../lib/gcc/arm-none-eabi/11.3.1/thumb/v7e-m+fp/hard\libgcc.a(_dvmd_tls.o)
                0x080001c4                __aeabi_idiv0
                0x080001c4                __aeabi_ldiv0
 *(.text*)
 .text.deregister_tm_clones
                0x080001c8       0x1c c:/programdata/matlab/supportpackages/r2023b/3p.instrset/gnuarm-armcortex.instrset/win/bin/../lib/gcc/arm-none-eabi/11.3.1/thumb/v7e-m+fp/hard/crtbegin.o
 .text.register_tm_clones
                0x080001e4       0x24 c:/programdata/matlab/supportpackages/r2023b/3p.instrset/gnuarm-armcortex.instrset/win/bin/../lib/gcc/arm-none-eabi/11.3.1/thumb/v7e-m+fp/hard/crtbegin.o
 .text.__do_global_dtors_aux
                0x08000208       0x28 c:/programdata/matlab/supportpackages/r2023b/3p.instrset/gnuarm-armcortex.instrset/win/bin/../lib/gcc/arm-none-eabi/11.3.1/thumb/v7e-m+fp/hard/crtbegin.o
 .text.frame_dummy
                0x08000230       0x24 c:/programdata/matlab/supportpackages/r2023b/3p.instrset/gnuarm-armcortex.instrset/win/bin/../lib/gcc/arm-none-eabi/11.3.1/thumb/v7e-m+fp/hard/crtbegin.o
 .text.LL_TIM_GetCounterMode
                0x08000254       0x30 stm_timer_ll.o
 .text.LL_TIM_GetRepetitionCounter
                0x08000284       0x18 stm_timer_ll.o
 .text.LL_TIM_CC_EnableChannel
                0x0800029c       0x22 stm_timer_ll.o
 .text.LL_TIM_CC_DisableChannel
                0x080002be       0x24 stm_timer_ll.o
 .text.LL_TIM_EnableAllOutputs
                0x080002e2       0x20 stm_timer_ll.o
 .text.LL_TIM_EnableIT_UPDATE
                0x08000302       0x20 stm_timer_ll.o
 .text.LL_TIM_DisableIT_UPDATE
                0x08000322       0x20 stm_timer_ll.o
 .text.LL_TIM_IsEnabledIT_UPDATE
                0x08000342       0x26 stm_timer_ll.o
 .text.LL_TIM_EnableIT_CC1
                0x08000368       0x20 stm_timer_ll.o
 .text.LL_TIM_DisableIT_CC1
                0x08000388       0x20 stm_timer_ll.o
 .text.LL_TIM_IsEnabledIT_CC1
                0x080003a8       0x26 stm_timer_ll.o
 .text.LL_TIM_EnableIT_CC2
                0x080003ce       0x20 stm_timer_ll.o
 .text.LL_TIM_DisableIT_CC2
                0x080003ee       0x20 stm_timer_ll.o
 .text.LL_TIM_IsEnabledIT_CC2
                0x0800040e       0x26 stm_timer_ll.o
 .text.LL_TIM_EnableIT_CC3
                0x08000434       0x20 stm_timer_ll.o
 .text.LL_TIM_DisableIT_CC3
                0x08000454       0x20 stm_timer_ll.o
 .text.LL_TIM_IsEnabledIT_CC3
                0x08000474       0x26 stm_timer_ll.o
 .text.LL_TIM_EnableIT_CC4
                0x0800049a       0x20 stm_timer_ll.o
 .text.LL_TIM_DisableIT_CC4
                0x080004ba       0x20 stm_timer_ll.o
 .text.LL_TIM_IsEnabledIT_CC4
                0x080004da       0x26 stm_timer_ll.o
 .text.LL_TIM_EnableIT_COM
                0x08000500       0x20 stm_timer_ll.o
 .text.LL_TIM_DisableIT_COM
                0x08000520       0x20 stm_timer_ll.o
 .text.LL_TIM_IsEnabledIT_COM
                0x08000540       0x26 stm_timer_ll.o
 .text.LL_TIM_EnableIT_TRIG
                0x08000566       0x20 stm_timer_ll.o
 .text.LL_TIM_DisableIT_TRIG
                0x08000586       0x20 stm_timer_ll.o
 .text.LL_TIM_IsEnabledIT_TRIG
                0x080005a6       0x26 stm_timer_ll.o
 .text.LL_TIM_EnableIT_BRK
                0x080005cc       0x20 stm_timer_ll.o
 .text.LL_TIM_DisableIT_BRK
                0x080005ec       0x20 stm_timer_ll.o
 .text.LL_TIM_IsEnabledIT_BRK
                0x0800060c       0x26 stm_timer_ll.o
 .text.enableTimerInterrupts
                0x08000632      0x134 stm_timer_ll.o
                0x08000632                enableTimerInterrupts
 .text.disableTimerInterrupts
                0x08000766      0x134 stm_timer_ll.o
                0x08000766                disableTimerInterrupts
 *fill*         0x0800089a        0x2 
 .text.enableTimerChannel1
                0x0800089c       0x68 stm_timer_ll.o
                0x0800089c                enableTimerChannel1
 .text.disableTimerChannel1
                0x08000904       0x68 stm_timer_ll.o
                0x08000904                disableTimerChannel1
 .text.enableTimerChannel2
                0x0800096c       0x68 stm_timer_ll.o
                0x0800096c                enableTimerChannel2
 .text.disableTimerChannel2
                0x080009d4       0x68 stm_timer_ll.o
                0x080009d4                disableTimerChannel2
 .text.Timer_Handle_Init
                0x08000a3c       0x90 stm_timer_ll.o
                0x08000a3c                Timer_Handle_Init
 .text.checkFrequencyAndDutyCycleLimits
                0x08000acc       0x44 stm_timer_ll.o
                0x08000acc                checkFrequencyAndDutyCycleLimits
 .text.LL_TIM_EnableCounter
                0x08000b10       0x20 arabaStm.o
 .text.LL_TIM_DisableCounter
                0x08000b30       0x20 arabaStm.o
 .text.LL_TIM_SetUpdateSource
                0x08000b50       0x26 arabaStm.o
 .text.LL_TIM_GetUpdateSource
                0x08000b76       0x1c arabaStm.o
 .text.LL_TIM_SetAutoReload
                0x08000b92       0x1c arabaStm.o
 .text.LL_TIM_GetAutoReload
                0x08000bae       0x18 arabaStm.o
 .text.LL_TIM_SetRepetitionCounter
                0x08000bc6       0x1c arabaStm.o
 .text.LL_TIM_OC_SetCompareCH1
                0x08000be2       0x1c arabaStm.o
 .text.LL_TIM_OC_SetCompareCH2
                0x08000bfe       0x1c arabaStm.o
 .text.LL_TIM_OC_GetCompareCH1
                0x08000c1a       0x18 arabaStm.o
 .text.LL_TIM_OC_GetCompareCH2
                0x08000c32       0x18 arabaStm.o
 .text.LL_TIM_GenerateEvent_UPDATE
                0x08000c4a       0x20 arabaStm.o
 .text.LL_GPIO_SetOutputPin
                0x08000c6a       0x1c arabaStm.o
 .text.LL_GPIO_ResetOutputPin
                0x08000c86       0x1e arabaStm.o
 .text.convertDutyCyclePercentageToCounts
                0x08000ca4       0x88 arabaStm.o
 .text.setFrequencyAccToInput
                0x08000d2c       0x30 arabaStm.o
 .text.setDutyCycleChannel1
                0x08000d5c       0x30 arabaStm.o
 .text.setDutyCycleChannel2
                0x08000d8c       0x30 arabaStm.o
 .text.setDutyCycleInPercentageChannel1
                0x08000dbc       0x28 arabaStm.o
 .text.setDutyCycleInPercentageChannel2
                0x08000de4       0x28 arabaStm.o
 .text.isSlaveTriggerModeEnabled
                0x08000e0c       0x2c arabaStm.o
 .text.enableCounter
                0x08000e38       0xa0 arabaStm.o
 .text.disableCounter
                0x08000ed8       0x1a arabaStm.o
 *fill*         0x08000ef2        0x2 
 .text.arabaStm_SystemCore_setup
                0x08000ef4       0x84 arabaStm.o
 .text.arabaStm_step
                0x08000f78       0x7c arabaStm.o
                0x08000f78                arabaStm_step
 .text.arabaStm_initialize
                0x08000ff4       0x20 arabaStm.o
                0x08000ff4                arabaStm_initialize
 .text.arabaStm_terminate
                0x08001014       0x58 arabaStm.o
                0x08001014                arabaStm_terminate
 .text.rt_OneStep
                0x0800106c       0x4c ert_main.o
                0x0800106c                rt_OneStep
 .text.main     0x080010b8       0xdc ert_main.o
                0x080010b8                main
 .text.PeriphCommonClock_Config
                0x08001194       0x10 platform_timer.o
                0x08001194                PeriphCommonClock_Config
 .text.__NVIC_SetPriority
                0x080011a4       0x54 SysTickScheduler.o
 .text.SysTick_Config
                0x080011f8       0x44 SysTickScheduler.o
 .text.SysTick_Isr
                0x0800123c       0x48 SysTickScheduler.o
 .text.SysTick_Handler
                0x08001284       0x20 SysTickScheduler.o
                0x08001284                SysTick_Handler
 .text.ARMCM_SysTick_Config
                0x080012a4       0xb0 SysTickScheduler.o
                0x080012a4                ARMCM_SysTick_Config
 .text.PendSV_Handler
                0x08001354       0x44 m3m4m4f_multitasking.o
                0x08001354                PendSV_Handler
 .text.SVC_Handler
                0x08001398       0x58 m3m4m4f_multitasking.o
                0x08001398                SVC_Handler
 .text.__NVIC_GetPriorityGrouping
                0x080013f0       0x1c main.o
 .text.__NVIC_EnableIRQ
                0x0800140c       0x3c main.o
 .text.__NVIC_SetPriority
                0x08001448       0x54 main.o
 .text.NVIC_EncodePriority
                0x0800149c       0x66 main.o
 *fill*         0x08001502        0x2 
 .text.LL_DMA_SetDataTransferDirection
                0x08001504       0x48 main.o
 .text.LL_DMA_SetMode
                0x0800154c       0x48 main.o
 .text.LL_DMA_SetPeriphIncMode
                0x08001594       0x48 main.o
 .text.LL_DMA_SetMemoryIncMode
                0x080015dc       0x48 main.o
 .text.LL_DMA_SetPeriphSize
                0x08001624       0x48 main.o
 .text.LL_DMA_SetMemorySize
                0x0800166c       0x48 main.o
 .text.LL_DMA_SetStreamPriorityLevel
                0x080016b4       0x48 main.o
 .text.LL_DMA_SetChannelSelection
                0x080016fc       0x48 main.o
 .text.LL_DMA_DisableFifoMode
                0x08001744       0x40 main.o
 .text.LL_RCC_HSI_Enable
                0x08001784       0x20 main.o
 .text.LL_RCC_HSI_IsReady
                0x080017a4       0x24 main.o
 .text.LL_RCC_HSI_SetCalibTrimming
                0x080017c8       0x2c main.o
 .text.LL_RCC_SetSysClkSource
                0x080017f4       0x28 main.o
 .text.LL_RCC_GetSysClkSource
                0x0800181c       0x1c main.o
 .text.LL_RCC_SetAHBPrescaler
                0x08001838       0x28 main.o
 .text.LL_RCC_SetAPB1Prescaler
                0x08001860       0x28 main.o
 .text.LL_RCC_SetAPB2Prescaler
                0x08001888       0x28 main.o
 .text.LL_RCC_SetTIMPrescaler
                0x080018b0       0x2c main.o
 .text.LL_RCC_PLL_Enable
                0x080018dc       0x20 main.o
 .text.LL_RCC_PLL_IsReady
                0x080018fc       0x28 main.o
 .text.LL_RCC_PLL_ConfigDomain_SYS
                0x08001924       0x4c main.o
 .text.LL_AHB1_GRP1_EnableClock
                0x08001970       0x30 main.o
 .text.LL_APB1_GRP1_EnableClock
                0x080019a0       0x30 main.o
 .text.LL_APB2_GRP1_EnableClock
                0x080019d0       0x30 main.o
 .text.LL_FLASH_SetLatency
                0x08001a00       0x28 main.o
 .text.LL_FLASH_GetLatency
                0x08001a28       0x1c main.o
 .text.LL_PWR_SetRegulVoltageScaling
                0x08001a44       0x28 main.o
 .text.LL_TIM_DisableARRPreload
                0x08001a6c       0x20 main.o
 .text.LL_TIM_OC_DisableFast
                0x08001a8c       0x8c main.o
 .text.LL_TIM_OC_EnablePreload
                0x08001b18       0x88 main.o
 .text.LL_TIM_SetClockSource
                0x08001ba0       0x2a main.o
 .text.LL_TIM_SetTriggerOutput
                0x08001bca       0x26 main.o
 .text.LL_TIM_DisableMasterSlaveMode
                0x08001bf0       0x20 main.o
 .text.LL_USART_Enable
                0x08001c10       0x20 main.o
 .text.LL_USART_ConfigAsyncMode
                0x08001c30       0x2c main.o
 .text.LL_GPIO_ResetOutputPin
                0x08001c5c       0x1e main.o
 *fill*         0x08001c7a        0x2 
 .text.SystemClock_Config
                0x08001c7c       0xa0 main.o
                0x08001c7c                SystemClock_Config
 .text.MX_TIM1_Init
                0x08001d1c       0x64 main.o
                0x08001d1c                MX_TIM1_Init
 .text.MX_TIM3_Init
                0x08001d80       0xfc main.o
                0x08001d80                MX_TIM3_Init
 .text.MX_USART2_UART_Init
                0x08001e7c      0x100 main.o
                0x08001e7c                MX_USART2_UART_Init
 .text.MX_USART6_UART_Init
                0x08001f7c       0xa0 main.o
                0x08001f7c                MX_USART6_UART_Init
 .text.MX_DMA_Init
                0x0800201c       0x30 main.o
                0x0800201c                MX_DMA_Init
 .text.MX_GPIO_Init
                0x0800204c       0xa8 main.o
                0x0800204c                MX_GPIO_Init
 .text.HAL_TIM_PeriodElapsedCallback
                0x080020f4       0x24 main.o
                0x080020f4                HAL_TIM_PeriodElapsedCallback
 .text.Error_Handler
                0x08002118        0xa main.o
                0x08002118                Error_Handler
 .text.NMI_Handler
                0x08002122        0x6 stm32f4xx_it.o
                0x08002122                NMI_Handler
 .text.HardFault_Handler
                0x08002128        0x6 stm32f4xx_it.o
                0x08002128                HardFault_Handler
 .text.MemManage_Handler
                0x0800212e        0x6 stm32f4xx_it.o
                0x0800212e                MemManage_Handler
 .text.BusFault_Handler
                0x08002134        0x6 stm32f4xx_it.o
                0x08002134                BusFault_Handler
 .text.UsageFault_Handler
                0x0800213a        0x6 stm32f4xx_it.o
                0x0800213a                UsageFault_Handler
 .text.DebugMon_Handler
                0x08002140        0xe stm32f4xx_it.o
                0x08002140                DebugMon_Handler
 .text.DMA1_Stream5_IRQHandler
                0x0800214e        0xe stm32f4xx_it.o
                0x0800214e                DMA1_Stream5_IRQHandler
 .text.TIM5_IRQHandler
                0x0800215c       0x14 stm32f4xx_it.o
                0x0800215c                TIM5_IRQHandler
 .text.HAL_MspInit
                0x08002170       0x50 stm32f4xx_hal_msp.o
                0x08002170                HAL_MspInit
 .text.HAL_InitTick
                0x080021c0       0xb4 stm32f4xx_hal_timebase_tim.o
                0x080021c0                HAL_InitTick
 .text.LL_GPIO_SetPinMode
                0x08002274       0x7a stm32f4xx_ll_gpio.o
 .text.LL_GPIO_SetPinOutputType
                0x080022ee       0x30 stm32f4xx_ll_gpio.o
 .text.LL_GPIO_SetPinSpeed
                0x0800231e       0x7a stm32f4xx_ll_gpio.o
 .text.LL_GPIO_SetPinPull
                0x08002398       0x7a stm32f4xx_ll_gpio.o
 .text.LL_GPIO_SetAFPin_0_7
                0x08002412       0x7a stm32f4xx_ll_gpio.o
 .text.LL_GPIO_SetAFPin_8_15
                0x0800248c       0x7e stm32f4xx_ll_gpio.o
 .text.LL_GPIO_Init
                0x0800250a      0x102 stm32f4xx_ll_gpio.o
                0x0800250a                LL_GPIO_Init
 .text.HAL_TIM_Base_Init
                0x0800260c       0x9e stm32f4xx_hal_tim.o
                0x0800260c                HAL_TIM_Base_Init
 .text.HAL_TIM_Base_MspInit
                0x080026aa       0x14 stm32f4xx_hal_tim.o
                0x080026aa                HAL_TIM_Base_MspInit
 *fill*         0x080026be        0x2 
 .text.HAL_TIM_Base_Start_IT
                0x080026c0       0xc4 stm32f4xx_hal_tim.o
                0x080026c0                HAL_TIM_Base_Start_IT
 .text.HAL_TIM_IRQHandler
                0x08002784      0x210 stm32f4xx_hal_tim.o
                0x08002784                HAL_TIM_IRQHandler
 .text.HAL_TIM_OC_DelayElapsedCallback
                0x08002994       0x14 stm32f4xx_hal_tim.o
                0x08002994                HAL_TIM_OC_DelayElapsedCallback
 .text.HAL_TIM_IC_CaptureCallback
                0x080029a8       0x14 stm32f4xx_hal_tim.o
                0x080029a8                HAL_TIM_IC_CaptureCallback
 .text.HAL_TIM_PWM_PulseFinishedCallback
                0x080029bc       0x14 stm32f4xx_hal_tim.o
                0x080029bc                HAL_TIM_PWM_PulseFinishedCallback
 .text.HAL_TIM_TriggerCallback
                0x080029d0       0x14 stm32f4xx_hal_tim.o
                0x080029d0                HAL_TIM_TriggerCallback
 .text.TIM_Base_SetConfig
                0x080029e4      0x100 stm32f4xx_hal_tim.o
                0x080029e4                TIM_Base_SetConfig
 .text.HAL_TIMEx_CommutCallback
                0x08002ae4       0x14 stm32f4xx_hal_tim_ex.o
                0x08002ae4                HAL_TIMEx_CommutCallback
 .text.HAL_TIMEx_BreakCallback
                0x08002af8       0x14 stm32f4xx_hal_tim_ex.o
                0x08002af8                HAL_TIMEx_BreakCallback
 .text.LL_TIM_SetPrescaler
                0x08002b0c       0x1c stm32f4xx_ll_tim.o
 .text.LL_TIM_SetAutoReload
                0x08002b28       0x1c stm32f4xx_ll_tim.o
 .text.LL_TIM_SetRepetitionCounter
                0x08002b44       0x1c stm32f4xx_ll_tim.o
 .text.LL_TIM_OC_SetCompareCH1
                0x08002b60       0x1c stm32f4xx_ll_tim.o
 .text.LL_TIM_OC_SetCompareCH2
                0x08002b7c       0x1c stm32f4xx_ll_tim.o
 .text.LL_TIM_OC_SetCompareCH3
                0x08002b98       0x1c stm32f4xx_ll_tim.o
 .text.LL_TIM_OC_SetCompareCH4
                0x08002bb4       0x1c stm32f4xx_ll_tim.o
 .text.LL_TIM_GenerateEvent_UPDATE
                0x08002bd0       0x20 stm32f4xx_ll_tim.o
 .text.LL_TIM_Init
                0x08002bf0       0xf4 stm32f4xx_ll_tim.o
                0x08002bf0                LL_TIM_Init
 .text.LL_TIM_OC_Init
                0x08002ce4       0x82 stm32f4xx_ll_tim.o
                0x08002ce4                LL_TIM_OC_Init
 *fill*         0x08002d66        0x2 
 .text.OC1Config
                0x08002d68       0xcc stm32f4xx_ll_tim.o
 .text.OC2Config
                0x08002e34       0xd4 stm32f4xx_ll_tim.o
 .text.OC3Config
                0x08002f08       0xd4 stm32f4xx_ll_tim.o
 .text.OC4Config
                0x08002fdc       0xa4 stm32f4xx_ll_tim.o
 .text.LL_RCC_GetSysClkSource
                0x08003080       0x1c stm32f4xx_ll_rcc.o
 .text.LL_RCC_GetAHBPrescaler
                0x0800309c       0x1c stm32f4xx_ll_rcc.o
 .text.LL_RCC_GetAPB1Prescaler
                0x080030b8       0x1c stm32f4xx_ll_rcc.o
 .text.LL_RCC_GetAPB2Prescaler
                0x080030d4       0x1c stm32f4xx_ll_rcc.o
 .text.LL_RCC_PLL_GetMainSource
                0x080030f0       0x1c stm32f4xx_ll_rcc.o
 .text.LL_RCC_PLL_GetN
                0x0800310c       0x1c stm32f4xx_ll_rcc.o
 .text.LL_RCC_PLL_GetP
                0x08003128       0x1c stm32f4xx_ll_rcc.o
 .text.LL_RCC_PLL_GetDivider
                0x08003144       0x1c stm32f4xx_ll_rcc.o
 .text.LL_RCC_GetSystemClocksFreq
                0x08003160       0x4a stm32f4xx_ll_rcc.o
                0x08003160                LL_RCC_GetSystemClocksFreq
 *fill*         0x080031aa        0x2 
 .text.RCC_GetSystemClockFreq
                0x080031ac       0x50 stm32f4xx_ll_rcc.o
                0x080031ac                RCC_GetSystemClockFreq
 .text.RCC_GetHCLKClockFreq
                0x080031fc       0x2c stm32f4xx_ll_rcc.o
                0x080031fc                RCC_GetHCLKClockFreq
 .text.RCC_GetPCLK1ClockFreq
                0x08003228       0x28 stm32f4xx_ll_rcc.o
                0x08003228                RCC_GetPCLK1ClockFreq
 .text.RCC_GetPCLK2ClockFreq
                0x08003250       0x28 stm32f4xx_ll_rcc.o
                0x08003250                RCC_GetPCLK2ClockFreq
 .text.RCC_PLL_GetFreqDomain_SYS
                0x08003278       0x7c stm32f4xx_ll_rcc.o
                0x08003278                RCC_PLL_GetFreqDomain_SYS
 .text.LL_SetSystemCoreClock
                0x080032f4       0x20 stm32f4xx_ll_utils.o
                0x080032f4                LL_SetSystemCoreClock
 .text.HAL_RCC_GetHCLKFreq
                0x08003314       0x18 stm32f4xx_hal_rcc.o
                0x08003314                HAL_RCC_GetHCLKFreq
 .text.HAL_RCC_GetPCLK1Freq
                0x0800332c       0x28 stm32f4xx_hal_rcc.o
                0x0800332c                HAL_RCC_GetPCLK1Freq
 .text.HAL_RCC_GetClockConfig
                0x08003354       0x64 stm32f4xx_hal_rcc.o
                0x08003354                HAL_RCC_GetClockConfig
 .text.__NVIC_SetPriorityGrouping
                0x080033b8       0x48 stm32f4xx_hal_cortex.o
 .text.__NVIC_GetPriorityGrouping
                0x08003400       0x1c stm32f4xx_hal_cortex.o
 .text.__NVIC_EnableIRQ
                0x0800341c       0x3c stm32f4xx_hal_cortex.o
 .text.__NVIC_SetPriority
                0x08003458       0x54 stm32f4xx_hal_cortex.o
 .text.NVIC_EncodePriority
                0x080034ac       0x66 stm32f4xx_hal_cortex.o
 .text.HAL_NVIC_SetPriorityGrouping
                0x08003512       0x16 stm32f4xx_hal_cortex.o
                0x08003512                HAL_NVIC_SetPriorityGrouping
 .text.HAL_NVIC_SetPriority
                0x08003528       0x38 stm32f4xx_hal_cortex.o
                0x08003528                HAL_NVIC_SetPriority
 .text.HAL_NVIC_EnableIRQ
                0x08003560       0x1c stm32f4xx_hal_cortex.o
                0x08003560                HAL_NVIC_EnableIRQ
 .text.HAL_Init
                0x0800357c       0x44 stm32f4xx_hal.o
                0x0800357c                HAL_Init
 .text.HAL_IncTick
                0x080035c0       0x28 stm32f4xx_hal.o
                0x080035c0                HAL_IncTick
 .text.LL_USART_IsEnabled
                0x080035e8       0x28 stm32f4xx_ll_usart.o
 .text.LL_USART_SetStopBitsLength
                0x08003610       0x26 stm32f4xx_ll_usart.o
 .text.LL_USART_SetHWFlowCtrl
                0x08003636       0x26 stm32f4xx_ll_usart.o
 .text.LL_USART_SetBaudRate
                0x0800365c      0x45c stm32f4xx_ll_usart.o
 .text.LL_USART_Init
                0x08003ab8       0xc8 stm32f4xx_ll_usart.o
                0x08003ab8                LL_USART_Init
 .text.SystemInit
                0x08003b80       0x24 system_stm32f4xx.o
                0x08003b80                SystemInit
 .text.Reset_Handler
                0x08003ba4       0x50 startup_stm32f401retx.o
                0x08003ba4                Reset_Handler
 .text.Default_Handler
                0x08003bf4        0x2 startup_stm32f401retx.o
                0x08003bf4                RTC_Alarm_IRQHandler
                0x08003bf4                EXTI2_IRQHandler
                0x08003bf4                SPI4_IRQHandler
                0x08003bf4                TIM1_CC_IRQHandler
                0x08003bf4                DMA2_Stream5_IRQHandler
                0x08003bf4                PVD_IRQHandler
                0x08003bf4                SDIO_IRQHandler
                0x08003bf4                TAMP_STAMP_IRQHandler
                0x08003bf4                EXTI3_IRQHandler
                0x08003bf4                TIM1_UP_TIM10_IRQHandler
                0x08003bf4                I2C3_ER_IRQHandler
                0x08003bf4                EXTI0_IRQHandler
                0x08003bf4                I2C2_EV_IRQHandler
                0x08003bf4                DMA1_Stream2_IRQHandler
                0x08003bf4                FPU_IRQHandler
                0x08003bf4                DMA2_Stream2_IRQHandler
                0x08003bf4                SPI1_IRQHandler
                0x08003bf4                TIM1_BRK_TIM9_IRQHandler
                0x08003bf4                DMA2_Stream3_IRQHandler
                0x08003bf4                USART6_IRQHandler
                0x08003bf4                DMA2_Stream0_IRQHandler
                0x08003bf4                TIM4_IRQHandler
                0x08003bf4                I2C1_EV_IRQHandler
                0x08003bf4                DMA1_Stream6_IRQHandler
                0x08003bf4                DMA1_Stream1_IRQHandler
                0x08003bf4                TIM3_IRQHandler
                0x08003bf4                RCC_IRQHandler
                0x08003bf4                Default_Handler
                0x08003bf4                EXTI15_10_IRQHandler
                0x08003bf4                ADC_IRQHandler
                0x08003bf4                DMA1_Stream7_IRQHandler
                0x08003bf4                DMA2_Stream7_IRQHandler
                0x08003bf4                I2C3_EV_IRQHandler
                0x08003bf4                EXTI9_5_IRQHandler
                0x08003bf4                RTC_WKUP_IRQHandler
                0x08003bf4                SPI2_IRQHandler
                0x08003bf4                DMA1_Stream0_IRQHandler
                0x08003bf4                EXTI4_IRQHandler
                0x08003bf4                WWDG_IRQHandler
                0x08003bf4                TIM2_IRQHandler
                0x08003bf4                OTG_FS_WKUP_IRQHandler
                0x08003bf4                TIM1_TRG_COM_TIM11_IRQHandler
                0x08003bf4                EXTI1_IRQHandler
                0x08003bf4                USART2_IRQHandler
                0x08003bf4                I2C2_ER_IRQHandler
                0x08003bf4                DMA2_Stream1_IRQHandler
                0x08003bf4                FLASH_IRQHandler
                0x08003bf4                DMA2_Stream4_IRQHandler
                0x08003bf4                USART1_IRQHandler
                0x08003bf4                OTG_FS_IRQHandler
                0x08003bf4                SPI3_IRQHandler
                0x08003bf4                DMA1_Stream4_IRQHandler
                0x08003bf4                I2C1_ER_IRQHandler
                0x08003bf4                DMA2_Stream6_IRQHandler
                0x08003bf4                DMA1_Stream3_IRQHandler
 *fill*         0x08003bf6        0x2 
 .text.__udivmoddi4
                0x08003bf8      0x2c8 c:/programdata/matlab/supportpackages/r2023b/3p.instrset/gnuarm-armcortex.instrset/win/bin/../lib/gcc/arm-none-eabi/11.3.1/thumb/v7e-m+fp/hard\libgcc.a(_udivmoddi4.o)
                0x08003bf8                __udivmoddi4
 .text.memset   0x08003ec0       0x10 c:/programdata/matlab/supportpackages/r2023b/3p.instrset/gnuarm-armcortex.instrset/win/bin/../lib/gcc/arm-none-eabi/11.3.1/thumb/v7e-m+fp/hard\libc_nano.a(libc_a-memset.o)
                0x08003ec0                memset
 .text.__libc_init_array
                0x08003ed0       0x48 c:/programdata/matlab/supportpackages/r2023b/3p.instrset/gnuarm-armcortex.instrset/win/bin/../lib/gcc/arm-none-eabi/11.3.1/thumb/v7e-m+fp/hard\libc_nano.a(libc_a-init.o)
                0x08003ed0                __libc_init_array
 *(.glue_7)
 .glue_7        0x08003f18        0x0 linker stubs
 *(.glue_7t)
 .glue_7t       0x08003f18        0x0 linker stubs
 *(.eh_frame)
 .eh_frame      0x08003f18        0x0 c:/programdata/matlab/supportpackages/r2023b/3p.instrset/gnuarm-armcortex.instrset/win/bin/../lib/gcc/arm-none-eabi/11.3.1/thumb/v7e-m+fp/hard/crtbegin.o
 *(.init)
 .init          0x08003f18        0x4 c:/programdata/matlab/supportpackages/r2023b/3p.instrset/gnuarm-armcortex.instrset/win/bin/../lib/gcc/arm-none-eabi/11.3.1/thumb/v7e-m+fp/hard/crti.o
                0x08003f18                _init
 .init          0x08003f1c        0x8 c:/programdata/matlab/supportpackages/r2023b/3p.instrset/gnuarm-armcortex.instrset/win/bin/../lib/gcc/arm-none-eabi/11.3.1/thumb/v7e-m+fp/hard/crtn.o
 *(.fini)
 .fini          0x08003f24        0x4 c:/programdata/matlab/supportpackages/r2023b/3p.instrset/gnuarm-armcortex.instrset/win/bin/../lib/gcc/arm-none-eabi/11.3.1/thumb/v7e-m+fp/hard/crti.o
                0x08003f24                _fini
 .fini          0x08003f28        0x8 c:/programdata/matlab/supportpackages/r2023b/3p.instrset/gnuarm-armcortex.instrset/win/bin/../lib/gcc/arm-none-eabi/11.3.1/thumb/v7e-m+fp/hard/crtn.o
                0x08003f30                . = ALIGN (0x4)
                0x08003f30                _etext = .

.vfp11_veneer   0x08003f30        0x0
 .vfp11_veneer  0x08003f30        0x0 linker stubs

.v4_bx          0x08003f30        0x0
 .v4_bx         0x08003f30        0x0 linker stubs

.iplt           0x08003f30        0x0
 .iplt          0x08003f30        0x0 c:/programdata/matlab/supportpackages/r2023b/3p.instrset/gnuarm-armcortex.instrset/win/bin/../lib/gcc/arm-none-eabi/11.3.1/thumb/v7e-m+fp/hard/crtbegin.o

.rodata         0x08003f30       0x34
                0x08003f30                . = ALIGN (0x4)
 *(.rodata)
 *(.rodata*)
 .rodata.arabaStm_M
                0x08003f30        0x4 arabaStm.o
                0x08003f30                arabaStm_M
 .rodata.STREAM_OFFSET_TAB
                0x08003f34        0x8 main.o
 .rodata.OFFSET_TAB_CCMRx
                0x08003f3c        0x7 main.o
 *fill*         0x08003f43        0x1 
 .rodata.SHIFT_TAB_OCxx
                0x08003f44        0x7 main.o
 *fill*         0x08003f4b        0x1 
 .rodata.AHBPrescTable
                0x08003f4c       0x10 system_stm32f4xx.o
                0x08003f4c                AHBPrescTable
 .rodata.APBPrescTable
                0x08003f5c        0x8 system_stm32f4xx.o
                0x08003f5c                APBPrescTable
                0x08003f64                . = ALIGN (0x4)

.ARM.extab      0x08003f64        0x0
                0x08003f64                . = ALIGN (0x4)
 *(.ARM.extab* .gnu.linkonce.armextab.*)
                0x08003f64                . = ALIGN (0x4)

.ARM            0x08003f64        0x8
                0x08003f64                . = ALIGN (0x4)
                0x08003f64                __exidx_start = .
 *(.ARM.exidx*)
 .ARM.exidx.text.__udivmoddi4
                0x08003f64        0x8 c:/programdata/matlab/supportpackages/r2023b/3p.instrset/gnuarm-armcortex.instrset/win/bin/../lib/gcc/arm-none-eabi/11.3.1/thumb/v7e-m+fp/hard\libgcc.a(_udivmoddi4.o)
                0x08003f6c                __exidx_end = .
                0x08003f6c                . = ALIGN (0x4)

.rel.dyn        0x08003f6c        0x0
 .rel.iplt      0x08003f6c        0x0 c:/programdata/matlab/supportpackages/r2023b/3p.instrset/gnuarm-armcortex.instrset/win/bin/../lib/gcc/arm-none-eabi/11.3.1/thumb/v7e-m+fp/hard/crtbegin.o

.preinit_array  0x08003f6c        0x0
                0x08003f6c                . = ALIGN (0x4)
                0x08003f6c                PROVIDE (__preinit_array_start = .)
 *(.preinit_array*)
                0x08003f6c                PROVIDE (__preinit_array_end = .)
                0x08003f6c                . = ALIGN (0x4)

.init_array     0x08003f6c        0x4
                0x08003f6c                . = ALIGN (0x4)
                0x08003f6c                PROVIDE (__init_array_start = .)
 *(SORT_BY_NAME(.init_array.*))
 *(.init_array*)
 .init_array    0x08003f6c        0x4 c:/programdata/matlab/supportpackages/r2023b/3p.instrset/gnuarm-armcortex.instrset/win/bin/../lib/gcc/arm-none-eabi/11.3.1/thumb/v7e-m+fp/hard/crtbegin.o
                0x08003f70                PROVIDE (__init_array_end = .)
                0x08003f70                . = ALIGN (0x4)

.fini_array     0x08003f70        0x4
                0x08003f70                . = ALIGN (0x4)
                [!provide]                PROVIDE (__fini_array_start = .)
 *(SORT_BY_NAME(.fini_array.*))
 *(.fini_array*)
 .fini_array    0x08003f70        0x4 c:/programdata/matlab/supportpackages/r2023b/3p.instrset/gnuarm-armcortex.instrset/win/bin/../lib/gcc/arm-none-eabi/11.3.1/thumb/v7e-m+fp/hard/crtbegin.o
                [!provide]                PROVIDE (__fini_array_end = .)
                0x08003f74                . = ALIGN (0x4)
                0x08003f74                _sidata = LOADADDR (.data)

.data           0x20000000        0x8 load address 0x08003f74
                0x20000000                . = ALIGN (0x4)
                0x20000000                _sdata = .
 *(.data)
 *(.data*)
 .data.uwTickFreq
                0x20000000        0x1 stm32f4xx_hal.o
                0x20000000                uwTickFreq
 *fill*         0x20000001        0x3 
 .data.SystemCoreClock
                0x20000004        0x4 system_stm32f4xx.o
                0x20000004                SystemCoreClock
 *(.RamFunc)
 *(.RamFunc*)
                0x20000008                . = ALIGN (0x4)
                0x20000008                _edata = .

.tm_clone_table
                0x20000008        0x0 load address 0x08003f7c
 .tm_clone_table
                0x20000008        0x0 c:/programdata/matlab/supportpackages/r2023b/3p.instrset/gnuarm-armcortex.instrset/win/bin/../lib/gcc/arm-none-eabi/11.3.1/thumb/v7e-m+fp/hard/crtbegin.o
 .tm_clone_table
                0x20000008        0x0 c:/programdata/matlab/supportpackages/r2023b/3p.instrset/gnuarm-armcortex.instrset/win/bin/../lib/gcc/arm-none-eabi/11.3.1/thumb/v7e-m+fp/hard/crtend.o

.igot.plt       0x20000008        0x0 load address 0x08003f7c
 .igot.plt      0x20000008        0x0 c:/programdata/matlab/supportpackages/r2023b/3p.instrset/gnuarm-armcortex.instrset/win/bin/../lib/gcc/arm-none-eabi/11.3.1/thumb/v7e-m+fp/hard/crtbegin.o
                0x20000008                . = ALIGN (0x4)

.bss            0x20000008      0x11c load address 0x08003f7c
                0x20000008                _sbss = .
                0x20000008                __bss_start__ = _sbss
 *(.bss)
 *(.bss*)
 .bss.completed.1
                0x20000008        0x1 c:/programdata/matlab/supportpackages/r2023b/3p.instrset/gnuarm-armcortex.instrset/win/bin/../lib/gcc/arm-none-eabi/11.3.1/thumb/v7e-m+fp/hard/crtbegin.o
 *fill*         0x20000009        0x3 
 .bss.object.0  0x2000000c       0x18 c:/programdata/matlab/supportpackages/r2023b/3p.instrset/gnuarm-armcortex.instrset/win/bin/../lib/gcc/arm-none-eabi/11.3.1/thumb/v7e-m+fp/hard/crtbegin.o
 .bss.mw_tim3   0x20000024       0x8c stm_timer_ll.o
                0x20000024                mw_tim3
 .bss.arabaStm_DW
                0x200000b0       0x10 arabaStm.o
                0x200000b0                arabaStm_DW
 .bss.arabaStm_M_
                0x200000c0        0x4 arabaStm.o
 .bss.IsrOverrun
                0x200000c4        0x4 ert_main.o
                0x200000c4                IsrOverrun
 .bss.OverrunFlag
                0x200000c8        0x1 ert_main.o
 .bss.stopRequested
                0x200000c9        0x1 ert_main.o
                0x200000c9                stopRequested
 .bss.runModel  0x200000ca        0x1 ert_main.o
                0x200000ca                runModel
 *fill*         0x200000cb        0x1 
 .bss.schdl_counter
                0x200000cc        0x4 SysTickScheduler.o
                0x200000cc                schdl_counter
 .bss.schdl_counter_max
                0x200000d0        0x4 SysTickScheduler.o
                0x200000d0                schdl_counter_max
 .bss.taskToSchedule
                0x200000d4        0x4 m3m4m4f_multitasking.o
                0x200000d4                taskToSchedule
 .bss.htim5     0x200000d8       0x48 stm32f4xx_hal_timebase_tim.o
                0x200000d8                htim5
 .bss.uwTick    0x20000120        0x4 stm32f4xx_hal.o
                0x20000120                uwTick
 *(COMMON)
                0x20000124                . = ALIGN (0x4)
                0x20000124                _ebss = .
                0x20000124                __bss_end__ = _ebss

._user_heap_stack
                0x20000124      0x604 load address 0x08003f7c
                0x20000128                . = ALIGN (0x8)
 *fill*         0x20000124        0x4 
                [!provide]                PROVIDE (end = .)
                0x20000128                PROVIDE (_end = .)
                0x20000328                . = (. + _Min_Heap_Size)
 *fill*         0x20000128      0x200 
                0x20000728                . = (. + _Min_Stack_Size)
 *fill*         0x20000328      0x400 
                0x20000728                . = ALIGN (0x8)

/DISCARD/
 libc.a(*)
 libm.a(*)
 libgcc.a(*)

.ARM.attributes
                0x00000000       0x30
 *(.ARM.attributes)
 .ARM.attributes
                0x00000000       0x1e c:/programdata/matlab/supportpackages/r2023b/3p.instrset/gnuarm-armcortex.instrset/win/bin/../lib/gcc/arm-none-eabi/11.3.1/thumb/v7e-m+fp/hard/crti.o
 .ARM.attributes
                0x0000001e       0x34 c:/programdata/matlab/supportpackages/r2023b/3p.instrset/gnuarm-armcortex.instrset/win/bin/../lib/gcc/arm-none-eabi/11.3.1/thumb/v7e-m+fp/hard/crtbegin.o
 .ARM.attributes
                0x00000052       0x34 stm_timer_ll.o
 .ARM.attributes
                0x00000086       0x34 arabaStm.o
 .ARM.attributes
                0x000000ba       0x34 ert_main.o
 .ARM.attributes
                0x000000ee       0x34 platform_timer.o
 .ARM.attributes
                0x00000122       0x34 SysTickScheduler.o
 .ARM.attributes
                0x00000156       0x34 m3m4m4f_multitasking.o
 .ARM.attributes
                0x0000018a       0x34 main.o
 .ARM.attributes
                0x000001be       0x34 stm32f4xx_it.o
 .ARM.attributes
                0x000001f2       0x34 stm32f4xx_hal_msp.o
 .ARM.attributes
                0x00000226       0x34 stm32f4xx_hal_timebase_tim.o
 .ARM.attributes
                0x0000025a       0x34 stm32f4xx_ll_gpio.o
 .ARM.attributes
                0x0000028e       0x34 stm32f4xx_hal_tim.o
 .ARM.attributes
                0x000002c2       0x34 stm32f4xx_hal_tim_ex.o
 .ARM.attributes
                0x000002f6       0x34 stm32f4xx_ll_tim.o
 .ARM.attributes
                0x0000032a       0x34 stm32f4xx_ll_rcc.o
 .ARM.attributes
                0x0000035e       0x34 stm32f4xx_ll_utils.o
 .ARM.attributes
                0x00000392       0x34 stm32f4xx_hal_rcc.o
 .ARM.attributes
                0x000003c6       0x34 stm32f4xx_hal_cortex.o
 .ARM.attributes
                0x000003fa       0x34 stm32f4xx_hal.o
 .ARM.attributes
                0x0000042e       0x34 stm32f4xx_ll_usart.o
 .ARM.attributes
                0x00000462       0x34 system_stm32f4xx.o
 .ARM.attributes
                0x00000496       0x21 startup_stm32f401retx.o
 .ARM.attributes
                0x000004b7       0x1e c:/programdata/matlab/supportpackages/r2023b/3p.instrset/gnuarm-armcortex.instrset/win/bin/../lib/gcc/arm-none-eabi/11.3.1/thumb/v7e-m+fp/hard\libgcc.a(_aeabi_uldivmod.o)
 .ARM.attributes
                0x000004d5       0x34 c:/programdata/matlab/supportpackages/r2023b/3p.instrset/gnuarm-armcortex.instrset/win/bin/../lib/gcc/arm-none-eabi/11.3.1/thumb/v7e-m+fp/hard\libgcc.a(_udivmoddi4.o)
 .ARM.attributes
                0x00000509       0x1e c:/programdata/matlab/supportpackages/r2023b/3p.instrset/gnuarm-armcortex.instrset/win/bin/../lib/gcc/arm-none-eabi/11.3.1/thumb/v7e-m+fp/hard\libgcc.a(_dvmd_tls.o)
 .ARM.attributes
                0x00000527       0x34 c:/programdata/matlab/supportpackages/r2023b/3p.instrset/gnuarm-armcortex.instrset/win/bin/../lib/gcc/arm-none-eabi/11.3.1/thumb/v7e-m+fp/hard\libc_nano.a(libc_a-memset.o)
 .ARM.attributes
                0x0000055b       0x34 c:/programdata/matlab/supportpackages/r2023b/3p.instrset/gnuarm-armcortex.instrset/win/bin/../lib/gcc/arm-none-eabi/11.3.1/thumb/v7e-m+fp/hard\libc_nano.a(libc_a-init.o)
 .ARM.attributes
                0x0000058f       0x34 c:/programdata/matlab/supportpackages/r2023b/3p.instrset/gnuarm-armcortex.instrset/win/bin/../lib/gcc/arm-none-eabi/11.3.1/thumb/v7e-m+fp/hard/crtend.o
 .ARM.attributes
                0x000005c3       0x1e c:/programdata/matlab/supportpackages/r2023b/3p.instrset/gnuarm-armcortex.instrset/win/bin/../lib/gcc/arm-none-eabi/11.3.1/thumb/v7e-m+fp/hard/crtn.o
OUTPUT(../arabaStm.elf elf32-littlearm)
LOAD linker stubs
LOAD c:/programdata/matlab/supportpackages/r2023b/3p.instrset/gnuarm-armcortex.instrset/win/bin/../lib/gcc/arm-none-eabi/11.3.1/thumb/v7e-m+fp/hard\libc.a
LOAD c:/programdata/matlab/supportpackages/r2023b/3p.instrset/gnuarm-armcortex.instrset/win/bin/../lib/gcc/arm-none-eabi/11.3.1/thumb/v7e-m+fp/hard\libm.a
LOAD c:/programdata/matlab/supportpackages/r2023b/3p.instrset/gnuarm-armcortex.instrset/win/bin/../lib/gcc/arm-none-eabi/11.3.1/thumb/v7e-m+fp/hard\libgcc.a

.comment        0x00000000       0x33
 .comment       0x00000000       0x33 c:/programdata/matlab/supportpackages/r2023b/3p.instrset/gnuarm-armcortex.instrset/win/bin/../lib/gcc/arm-none-eabi/11.3.1/thumb/v7e-m+fp/hard/crtbegin.o
                                 0x34 (size before relaxing)
 .comment       0x00000033       0x34 stm_timer_ll.o
 .comment       0x00000033       0x34 arabaStm.o
 .comment       0x00000033       0x34 ert_main.o
 .comment       0x00000033       0x34 platform_timer.o
 .comment       0x00000033       0x34 SysTickScheduler.o
 .comment       0x00000033       0x34 m3m4m4f_multitasking.o
 .comment       0x00000033       0x34 main.o
 .comment       0x00000033       0x34 stm32f4xx_it.o
 .comment       0x00000033       0x34 stm32f4xx_hal_msp.o
 .comment       0x00000033       0x34 stm32f4xx_hal_timebase_tim.o
 .comment       0x00000033       0x34 stm32f4xx_ll_gpio.o
 .comment       0x00000033       0x34 stm32f4xx_hal_tim.o
 .comment       0x00000033       0x34 stm32f4xx_hal_tim_ex.o
 .comment       0x00000033       0x34 stm32f4xx_ll_tim.o
 .comment       0x00000033       0x34 stm32f4xx_ll_rcc.o
 .comment       0x00000033       0x34 stm32f4xx_ll_utils.o
 .comment       0x00000033       0x34 stm32f4xx_hal_rcc.o
 .comment       0x00000033       0x34 stm32f4xx_hal_cortex.o
 .comment       0x00000033       0x34 stm32f4xx_hal.o
 .comment       0x00000033       0x34 stm32f4xx_ll_usart.o
 .comment       0x00000033       0x34 system_stm32f4xx.o
 .comment       0x00000033       0x34 c:/programdata/matlab/supportpackages/r2023b/3p.instrset/gnuarm-armcortex.instrset/win/bin/../lib/gcc/arm-none-eabi/11.3.1/thumb/v7e-m+fp/hard\libgcc.a(_udivmoddi4.o)
 .comment       0x00000033       0x34 c:/programdata/matlab/supportpackages/r2023b/3p.instrset/gnuarm-armcortex.instrset/win/bin/../lib/gcc/arm-none-eabi/11.3.1/thumb/v7e-m+fp/hard\libc_nano.a(libc_a-memset.o)
 .comment       0x00000033       0x34 c:/programdata/matlab/supportpackages/r2023b/3p.instrset/gnuarm-armcortex.instrset/win/bin/../lib/gcc/arm-none-eabi/11.3.1/thumb/v7e-m+fp/hard\libc_nano.a(libc_a-init.o)
 .comment       0x00000033       0x34 c:/programdata/matlab/supportpackages/r2023b/3p.instrset/gnuarm-armcortex.instrset/win/bin/../lib/gcc/arm-none-eabi/11.3.1/thumb/v7e-m+fp/hard/crtend.o

.debug_line     0x00000000      0x972
 .debug_line    0x00000000       0x4e c:/programdata/matlab/supportpackages/r2023b/3p.instrset/gnuarm-armcortex.instrset/win/bin/../lib/gcc/arm-none-eabi/11.3.1/thumb/v7e-m+fp/hard\libgcc.a(_aeabi_uldivmod.o)
 .debug_line    0x0000004e      0x5e5 c:/programdata/matlab/supportpackages/r2023b/3p.instrset/gnuarm-armcortex.instrset/win/bin/../lib/gcc/arm-none-eabi/11.3.1/thumb/v7e-m+fp/hard\libgcc.a(_udivmoddi4.o)
 .debug_line    0x00000633       0x4a c:/programdata/matlab/supportpackages/r2023b/3p.instrset/gnuarm-armcortex.instrset/win/bin/../lib/gcc/arm-none-eabi/11.3.1/thumb/v7e-m+fp/hard\libgcc.a(_dvmd_tls.o)
 .debug_line    0x0000067d      0x176 c:/programdata/matlab/supportpackages/r2023b/3p.instrset/gnuarm-armcortex.instrset/win/bin/../lib/gcc/arm-none-eabi/11.3.1/thumb/v7e-m+fp/hard\libc_nano.a(libc_a-memset.o)
 .debug_line    0x000007f3      0x17f c:/programdata/matlab/supportpackages/r2023b/3p.instrset/gnuarm-armcortex.instrset/win/bin/../lib/gcc/arm-none-eabi/11.3.1/thumb/v7e-m+fp/hard\libc_nano.a(libc_a-init.o)

.debug_line_str
                0x00000000       0xd5
 .debug_line_str
                0x00000000       0xc9 c:/programdata/matlab/supportpackages/r2023b/3p.instrset/gnuarm-armcortex.instrset/win/bin/../lib/gcc/arm-none-eabi/11.3.1/thumb/v7e-m+fp/hard\libgcc.a(_aeabi_uldivmod.o)
                                 0xd1 (size before relaxing)
 .debug_line_str
                0x000000c9        0xc c:/programdata/matlab/supportpackages/r2023b/3p.instrset/gnuarm-armcortex.instrset/win/bin/../lib/gcc/arm-none-eabi/11.3.1/thumb/v7e-m+fp/hard\libgcc.a(_dvmd_tls.o)
                                 0xd9 (size before relaxing)

.debug_info     0x00000000      0x916
 .debug_info    0x00000000       0x24 c:/programdata/matlab/supportpackages/r2023b/3p.instrset/gnuarm-armcortex.instrset/win/bin/../lib/gcc/arm-none-eabi/11.3.1/thumb/v7e-m+fp/hard\libgcc.a(_aeabi_uldivmod.o)
 .debug_info    0x00000024      0x6e3 c:/programdata/matlab/supportpackages/r2023b/3p.instrset/gnuarm-armcortex.instrset/win/bin/../lib/gcc/arm-none-eabi/11.3.1/thumb/v7e-m+fp/hard\libgcc.a(_udivmoddi4.o)
 .debug_info    0x00000707       0x24 c:/programdata/matlab/supportpackages/r2023b/3p.instrset/gnuarm-armcortex.instrset/win/bin/../lib/gcc/arm-none-eabi/11.3.1/thumb/v7e-m+fp/hard\libgcc.a(_dvmd_tls.o)
 .debug_info    0x0000072b       0xe0 c:/programdata/matlab/supportpackages/r2023b/3p.instrset/gnuarm-armcortex.instrset/win/bin/../lib/gcc/arm-none-eabi/11.3.1/thumb/v7e-m+fp/hard\libc_nano.a(libc_a-memset.o)
 .debug_info    0x0000080b      0x10b c:/programdata/matlab/supportpackages/r2023b/3p.instrset/gnuarm-armcortex.instrset/win/bin/../lib/gcc/arm-none-eabi/11.3.1/thumb/v7e-m+fp/hard\libc_nano.a(libc_a-init.o)

.debug_abbrev   0x00000000      0x2f9
 .debug_abbrev  0x00000000       0x14 c:/programdata/matlab/supportpackages/r2023b/3p.instrset/gnuarm-armcortex.instrset/win/bin/../lib/gcc/arm-none-eabi/11.3.1/thumb/v7e-m+fp/hard\libgcc.a(_aeabi_uldivmod.o)
 .debug_abbrev  0x00000014      0x16a c:/programdata/matlab/supportpackages/r2023b/3p.instrset/gnuarm-armcortex.instrset/win/bin/../lib/gcc/arm-none-eabi/11.3.1/thumb/v7e-m+fp/hard\libgcc.a(_udivmoddi4.o)
 .debug_abbrev  0x0000017e       0x14 c:/programdata/matlab/supportpackages/r2023b/3p.instrset/gnuarm-armcortex.instrset/win/bin/../lib/gcc/arm-none-eabi/11.3.1/thumb/v7e-m+fp/hard\libgcc.a(_dvmd_tls.o)
 .debug_abbrev  0x00000192       0x9e c:/programdata/matlab/supportpackages/r2023b/3p.instrset/gnuarm-armcortex.instrset/win/bin/../lib/gcc/arm-none-eabi/11.3.1/thumb/v7e-m+fp/hard\libc_nano.a(libc_a-memset.o)
 .debug_abbrev  0x00000230       0xc9 c:/programdata/matlab/supportpackages/r2023b/3p.instrset/gnuarm-armcortex.instrset/win/bin/../lib/gcc/arm-none-eabi/11.3.1/thumb/v7e-m+fp/hard\libc_nano.a(libc_a-init.o)

.debug_aranges  0x00000000       0xa0
 .debug_aranges
                0x00000000       0x20 c:/programdata/matlab/supportpackages/r2023b/3p.instrset/gnuarm-armcortex.instrset/win/bin/../lib/gcc/arm-none-eabi/11.3.1/thumb/v7e-m+fp/hard\libgcc.a(_aeabi_uldivmod.o)
 .debug_aranges
                0x00000020       0x20 c:/programdata/matlab/supportpackages/r2023b/3p.instrset/gnuarm-armcortex.instrset/win/bin/../lib/gcc/arm-none-eabi/11.3.1/thumb/v7e-m+fp/hard\libgcc.a(_udivmoddi4.o)
 .debug_aranges
                0x00000040       0x20 c:/programdata/matlab/supportpackages/r2023b/3p.instrset/gnuarm-armcortex.instrset/win/bin/../lib/gcc/arm-none-eabi/11.3.1/thumb/v7e-m+fp/hard\libgcc.a(_dvmd_tls.o)
 .debug_aranges
                0x00000060       0x20 c:/programdata/matlab/supportpackages/r2023b/3p.instrset/gnuarm-armcortex.instrset/win/bin/../lib/gcc/arm-none-eabi/11.3.1/thumb/v7e-m+fp/hard\libc_nano.a(libc_a-memset.o)
 .debug_aranges
                0x00000080       0x20 c:/programdata/matlab/supportpackages/r2023b/3p.instrset/gnuarm-armcortex.instrset/win/bin/../lib/gcc/arm-none-eabi/11.3.1/thumb/v7e-m+fp/hard\libc_nano.a(libc_a-init.o)

.debug_str      0x00000000      0x953
 .debug_str     0x00000000       0xd5 c:/programdata/matlab/supportpackages/r2023b/3p.instrset/gnuarm-armcortex.instrset/win/bin/../lib/gcc/arm-none-eabi/11.3.1/thumb/v7e-m+fp/hard\libgcc.a(_aeabi_uldivmod.o)
 .debug_str     0x000000d5      0x5f1 c:/programdata/matlab/supportpackages/r2023b/3p.instrset/gnuarm-armcortex.instrset/win/bin/../lib/gcc/arm-none-eabi/11.3.1/thumb/v7e-m+fp/hard\libgcc.a(_udivmoddi4.o)
                                0x6a4 (size before relaxing)
 .debug_str     0x000006c6       0x53 c:/programdata/matlab/supportpackages/r2023b/3p.instrset/gnuarm-armcortex.instrset/win/bin/../lib/gcc/arm-none-eabi/11.3.1/thumb/v7e-m+fp/hard\libgcc.a(_dvmd_tls.o)
                                 0xd9 (size before relaxing)
 .debug_str     0x00000719      0x177 c:/programdata/matlab/supportpackages/r2023b/3p.instrset/gnuarm-armcortex.instrset/win/bin/../lib/gcc/arm-none-eabi/11.3.1/thumb/v7e-m+fp/hard\libc_nano.a(libc_a-memset.o)
                                0x20c (size before relaxing)
 .debug_str     0x00000890       0xc3 c:/programdata/matlab/supportpackages/r2023b/3p.instrset/gnuarm-armcortex.instrset/win/bin/../lib/gcc/arm-none-eabi/11.3.1/thumb/v7e-m+fp/hard\libc_nano.a(libc_a-init.o)
                                0x26d (size before relaxing)

.debug_frame    0x00000000       0xac
 .debug_frame   0x00000000       0x2c c:/programdata/matlab/supportpackages/r2023b/3p.instrset/gnuarm-armcortex.instrset/win/bin/../lib/gcc/arm-none-eabi/11.3.1/thumb/v7e-m+fp/hard\libgcc.a(_aeabi_uldivmod.o)
 .debug_frame   0x0000002c       0x34 c:/programdata/matlab/supportpackages/r2023b/3p.instrset/gnuarm-armcortex.instrset/win/bin/../lib/gcc/arm-none-eabi/11.3.1/thumb/v7e-m+fp/hard\libgcc.a(_udivmoddi4.o)
 .debug_frame   0x00000060       0x20 c:/programdata/matlab/supportpackages/r2023b/3p.instrset/gnuarm-armcortex.instrset/win/bin/../lib/gcc/arm-none-eabi/11.3.1/thumb/v7e-m+fp/hard\libc_nano.a(libc_a-memset.o)
 .debug_frame   0x00000080       0x2c c:/programdata/matlab/supportpackages/r2023b/3p.instrset/gnuarm-armcortex.instrset/win/bin/../lib/gcc/arm-none-eabi/11.3.1/thumb/v7e-m+fp/hard\libc_nano.a(libc_a-init.o)

.debug_loclists
                0x00000000      0xb9a
 .debug_loclists
                0x00000000      0xb0f c:/programdata/matlab/supportpackages/r2023b/3p.instrset/gnuarm-armcortex.instrset/win/bin/../lib/gcc/arm-none-eabi/11.3.1/thumb/v7e-m+fp/hard\libgcc.a(_udivmoddi4.o)
 .debug_loclists
                0x00000b0f       0x47 c:/programdata/matlab/supportpackages/r2023b/3p.instrset/gnuarm-armcortex.instrset/win/bin/../lib/gcc/arm-none-eabi/11.3.1/thumb/v7e-m+fp/hard\libc_nano.a(libc_a-memset.o)
 .debug_loclists
                0x00000b56       0x44 c:/programdata/matlab/supportpackages/r2023b/3p.instrset/gnuarm-armcortex.instrset/win/bin/../lib/gcc/arm-none-eabi/11.3.1/thumb/v7e-m+fp/hard\libc_nano.a(libc_a-init.o)

.debug_rnglists
                0x00000000       0xb8
 .debug_rnglists
                0x00000000       0x92 c:/programdata/matlab/supportpackages/r2023b/3p.instrset/gnuarm-armcortex.instrset/win/bin/../lib/gcc/arm-none-eabi/11.3.1/thumb/v7e-m+fp/hard\libgcc.a(_udivmoddi4.o)
 .debug_rnglists
                0x00000092       0x13 c:/programdata/matlab/supportpackages/r2023b/3p.instrset/gnuarm-armcortex.instrset/win/bin/../lib/gcc/arm-none-eabi/11.3.1/thumb/v7e-m+fp/hard\libc_nano.a(libc_a-memset.o)
 .debug_rnglists
                0x000000a5       0x13 c:/programdata/matlab/supportpackages/r2023b/3p.instrset/gnuarm-armcortex.instrset/win/bin/../lib/gcc/arm-none-eabi/11.3.1/thumb/v7e-m+fp/hard\libc_nano.a(libc_a-init.o)
